Removed Pin From Net: NetName=GND Pin=D106-1
Removed Pin From Net: NetName=+12V Pin=J100-1
Removed Pin From Net: NetName=+12V Pin=J101-1
Removed Pin From Net: NetName=GND Pin=J103-1
Removed Pin From Net: NetName=RX Pin=J103-2
Removed Pin From Net: NetName=TX Pin=J103-3
Removed Pin From Net: NetName=SDA Pin=J103-4
Removed Pin From Net: NetName=SCL Pin=J103-5
Removed Pin From Net: NetName=IO36 Pin=J103-6
Removed Pin From Net: NetName=IO37 Pin=J103-7
Removed Pin From Net: NetName=IO35 Pin=J103-8
Removed Pin From Net: NetName=+3V3 Pin=J103-9
Removed Pin From Net: NetName=+5V Pin=J103-10
Removed Pin From Net: NetName=GND Pin=Q100-1
Removed Pin From Net: NetName=GND Pin=Q100-2
Removed Pin From Net: NetName=GND Pin=Q100-3
Removed Pin From Net: NetName=GND Pin=Q101-2
Removed Pin From Net: NetName=+5V Pin=R102-1
Removed Pin From Net: NetName=DBG_LED Pin=R106-1
Removed Pin From Net: NetName=+3V3 Pin=U100-8
Removed Member From Class: ClassName=Valdis Member=J103
Removed Member From Class: ClassName=Valdis Member=LS100
Removed Member From Class: ClassName=Valdis Member=Q101
Removed Member From Class: ClassName=Valdis Member=R102
Removed Member From Class: ClassName=Valdis Member=R105
Added Component: Designator=D?(0603 RED LED)
Add component (AddParameter): Name = "Case/Package"; Value = "0603"; VariantName = "[No Variations]"
Add component (AddParameter): Name = "Color"; Value = "Red"; VariantName = "[No Variations]"
Add component (AddParameter): Name = "Manufacturer"; Value = "Any"; VariantName = "[No Variations]"
Add component (AddParameter): Name = "Mount"; Value = "SMD"; VariantName = "[No Variations]"
Add component (AddParameter): Name = "Part number"; Value = "Any Red 0603 LED"; VariantName = "[No Variations]"
Add component (AddParameter): Name = "Pins"; Value = ""; VariantName = "[No Variations]"
Add component (AddParameter): Name = "RoHS"; Value = "Yes"; VariantName = "[No Variations]"
Added Component: Designator=J?(HPH1-A-10-UA)
Add component (AddParameter): Name = "Contact Gender"; Value = "Male"; VariantName = "[No Variations]"
Add component (AddParameter): Name = "Contact Resistance"; Value = "20mO"; VariantName = "[No Variations]"
Add component (AddParameter): Name = "Current Rating"; Value = "1A"; VariantName = "[No Variations]"
Add component (AddParameter): Name = "Dielectric Material"; Value = "Polyethylene"; VariantName = "[No Variations]"
Add component (AddParameter): Name = "Insulation Resistance"; Value = "5GO"; VariantName = "[No Variations]"
Add component (AddParameter): Name = "Lifecycle Status"; Value = "Production"; VariantName = "[No Variations]"
Add component (AddParameter): Name = "Manufacturer"; Value = "Adam Tech"; VariantName = "[No Variations]"
Add component (AddParameter): Name = "Max Operating Temperature"; Value = "105°C"; VariantName = "[No Variations]"
Add component (AddParameter): Name = "Min Operating Temperature"; Value = "-40°C"; VariantName = "[No Variations]"
Add component (AddParameter): Name = "Mount"; Value = "TH"; VariantName = "[No Variations]"
Add component (AddParameter): Name = "Number of Rows"; Value = "1"; VariantName = "[No Variations]"
Add component (AddParameter): Name = "Part number"; Value = "HPH1-A-10-UA"; VariantName = "[No Variations]"
Add component (AddParameter): Name = "Pins"; Value = "10"; VariantName = "[No Variations]"
Add component (AddParameter): Name = "REACH SVHC"; Value = "Yes"; VariantName = "[No Variations]"
Add component (AddParameter): Name = "RoHS"; Value = "Compliant"; VariantName = "[No Variations]"
Add component (AddParameter): Name = "Terminal Pitch"; Value = "1.27mm"; VariantName = "[No Variations]"
Added Component: Designator=R?(Resistor_0603_M)
Add component (AddParameter): Name = "Case/Package"; Value = "0603"; VariantName = "[No Variations]"
Add component (AddParameter): Name = "Current"; Value = ""; VariantName = "[No Variations]"
Add component (AddParameter): Name = "Manufacturer"; Value = "Any"; VariantName = "[No Variations]"
Add component (AddParameter): Name = "Mount"; Value = "SMD"; VariantName = "[No Variations]"
Add component (AddParameter): Name = "Part number"; Value = "Resistor, 0603, 200R, 1%, 1/10W"; VariantName = "[No Variations]"
Add component (AddParameter): Name = "Pins"; Value = ""; VariantName = "[No Variations]"
Add component (AddParameter): Name = "Power"; Value = "100mW"; VariantName = "[No Variations]"
Add component (AddParameter): Name = "RoHS"; Value = "Yes"; VariantName = "[No Variations]"
Add component (AddParameter): Name = "Tolerance"; Value = "1%"; VariantName = "[No Variations]"
Add component (AddParameter): Name = "Value"; Value = "200"; VariantName = "[No Variations]"
Add component (AddParameter): Name = "Voltage"; Value = ""; VariantName = "[No Variations]"
Added Pin To Net: NetName=DBG_LED Pin=D106-1
Added Pin To Net: NetName=GND Pin=J101-2
Added Pin To Net: NetName=GND Pin=J?-1
Added Pin To Net: NetName=RX Pin=J?-2
Added Pin To Net: NetName=TX Pin=J?-3
Added Pin To Net: NetName=SDA Pin=J?-4
Added Pin To Net: NetName=SCL Pin=J?-5
Added Pin To Net: NetName=IO36 Pin=J?-6
Added Pin To Net: NetName=IO37 Pin=J?-7
Added Pin To Net: NetName=IO35 Pin=J?-8
Added Pin To Net: NetName=+5V Pin=J?-10
Added Pin To Net: NetName=+3V3 Pin=R106-1
Added Pin To Net: NetName=+3V3 Pin=R?-1
Added Pin To Net: NetName=+3V3 Pin=U100-9
Added Pin To Net: NetName=I3V3 Pin=J?-9
Added Pin To Net: NetName=I3V3 Pin=U100-8
Added Net: Name=I3V3
Added Pin To Net: NetName=NetD?_2 Pin=D?-2
Added Pin To Net: NetName=NetD?_2 Pin=R?-2
Added Net: Name=NetD?_2
Added Pin To Net: NetName=STAT Pin=D?-1
Added Pin To Net: NetName=STAT Pin=U100-1
Added Net: Name=STAT
Added Member To Class: ClassName=Valdis Member=Component D? Red
Added Member To Class: ClassName=Valdis Member=Component J? HPH1-A-10-UA
Added Member To Class: ClassName=Valdis Member=Component R? 200R
Added Rule: Name=Schematic Supply Nets_4
